# Summary
# 'fetch' gets the remote changes, 'merge' is used to merge those changes into current branch.

### 'main' has new changes:
PS C:\Users\Bruce\Programming\test_pull_current_branch> git status
On branch main
Your branch is up to date with 'origin/main'.
nothing to commit, working tree clean
PS C:\Users\Bruce\Programming\test_pull_current_branch> Get-ChildItem
    Directory: C:\Users\Bruce\Programming\test_pull_current_branch
Mode                 LastWriteTime         Length Name
----                 -------------         ------ ----
-a---           1/30/2022    05:01           1928 .gitignore
-a---           1/30/2022    05:01           1088 LICENSE
-a---           1/30/2022    05:01             92 README.md
-a---           1/30/2022    05:29              0 second_text.txt
-a---           1/30/2022    05:13              0 test_text.txt


### 'bruce' doesn't have the new changes:
PS C:\Users\Bruce\Programming\test_pull_current_branch> git status
On branch bruce
nothing to commit, working tree clean
PS C:\Users\Bruce\Programming\test_pull_current_branch> Get-ChildItem
    Directory: C:\Users\Bruce\Programming\test_pull_current_branch
Mode                 LastWriteTime         Length Name
----                 -------------         ------ ----
-a---           1/30/2022    05:01           1928 .gitignore
-a---           1/30/2022    05:01           1088 LICENSE
-a---           1/30/2022    05:01             92 README.md
-a---           1/30/2022    05:13              0 test_text.txt


### Execute 'git fetch origin main':
PS C:\Users\Bruce\Programming\test_pull_current_branch> git fetch origin main
From https://github.com/brucestull/test_pull_current_branch
 * branch            main       -> FETCH_HEAD
PS C:\Users\Bruce\Programming\test_pull_current_branch> git status
On branch bruce
nothing to commit, working tree clean
PS C:\Users\Bruce\Programming\test_pull_current_branch> Get-ChildItem
    Directory: C:\Users\Bruce\Programming\test_pull_current_branch
Mode                 LastWriteTime         Length Name
----                 -------------         ------ ----
-a---           1/30/2022    05:01           1928 .gitignore
-a---           1/30/2022    05:01           1088 LICENSE
-a---           1/30/2022    05:01             92 README.md
-a---           1/30/2022    05:13              0 test_text.txt


### Execute 'git merge main':
PS C:\Users\Bruce\Programming\test_pull_current_branch> git merge main
Updating d894fea..5ffbf5c
Fast-forward
 second_text.txt | 0
 1 file changed, 0 insertions(+), 0 deletions(-)
 create mode 100644 second_text.txt


### 'bruce' branch is updated:
PS C:\Users\Bruce\Programming\test_pull_current_branch> git status
On branch bruce
nothing to commit, working tree clean
PS C:\Users\Bruce\Programming\test_pull_current_branch> Get-ChildItem
    Directory: C:\Users\Bruce\Programming\test_pull_current_branch
Mode                 LastWriteTime         Length Name
----                 -------------         ------ ----
-a---           1/30/2022    05:01           1928 .gitignore
-a---           1/30/2022    05:01           1088 LICENSE
-a---           1/30/2022    05:01             92 README.md
-a---           1/30/2022    05:33              0 second_text.txt
-a---           1/30/2022    05:13              0 test_text.txt